[templates.hibootstrap.com/naon/default/index.html]
[templates.hibootstrap.com/naon/default/assets/css/plugins.css]
[templates.hibootstrap.com/naon/default/assets/css/iconplugins.css]
[templates.hibootstrap.com/naon/default/assets/css/style.css]
[templates.hibootstrap.com/naon/default/assets/css/responsive.css]
[backblue.gif]
[fade.gif]
[index.html]
[templates.hibootstrap.com/naon/default/assets/css/theme-dark.css]
[templates.hibootstrap.com/naon/default/assets/images/favicon.png]
[templates.hibootstrap.com/naon/default/index-2.html]
[templates.hibootstrap.com/naon/default/assets/images/logos/logo-small.png]
[templates.hibootstrap.com/naon/default/assets/images/logos/logo-white-small.png]
[templates.hibootstrap.com/naon/default/assets/images/logos/logo.png]
[templates.hibootstrap.com/naon/default/assets/images/logos/logo-white.png]
[templates.hibootstrap.com/naon/default/index-3.html]
[templates.hibootstrap.com/naon/default/index-4.html]
[templates.hibootstrap.com/naon/default/about.html]
[templates.hibootstrap.com/naon/default/testimonials.html]
[templates.hibootstrap.com/naon/default/faq.html]
[templates.hibootstrap.com/naon/default/appointment.html]
[templates.hibootstrap.com/naon/default/team.html]
[templates.hibootstrap.com/naon/default/team-details.html]
[templates.hibootstrap.com/naon/default/pricing-1.html]
[templates.hibootstrap.com/naon/default/pricing-2.html]
[templates.hibootstrap.com/naon/default/gallery-1.html]
[templates.hibootstrap.com/naon/default/gallery-2.html]
[templates.hibootstrap.com/naon/default/login.html]
[templates.hibootstrap.com/naon/default/register.html]
[templates.hibootstrap.com/naon/default/forgot-password.html]
[templates.hibootstrap.com/naon/default/terms-condition.html]
[templates.hibootstrap.com/naon/default/privacy-policy.html]
[templates.hibootstrap.com/naon/default/404.html]
[templates.hibootstrap.com/naon/default/coming-soon.html]
[templates.hibootstrap.com/naon/default/services.html]
[templates.hibootstrap.com/naon/default/services-2.html]
[templates.hibootstrap.com/naon/default/service-details.html]
[templates.hibootstrap.com/naon/default/shop.html]
[templates.hibootstrap.com/naon/default/cart.html]
[templates.hibootstrap.com/naon/default/checkout.html]
[templates.hibootstrap.com/naon/default/wishlist.html]
[templates.hibootstrap.com/naon/default/shop-details.html]
[templates.hibootstrap.com/naon/default/tracking-order.html]
[templates.hibootstrap.com/naon/default/compare.html]
[templates.hibootstrap.com/naon/default/customer-services.html]
[templates.hibootstrap.com/naon/default/my-account.html]
[templates.hibootstrap.com/naon/default/blog.html]
[templates.hibootstrap.com/naon/default/blog-2.html]
[templates.hibootstrap.com/naon/default/blog-3.html]
[templates.hibootstrap.com/naon/default/author.html]
[templates.hibootstrap.com/naon/default/categories.html]
[templates.hibootstrap.com/naon/default/tags.html]
[templates.hibootstrap.com/naon/default/single-blog-1.html]
[templates.hibootstrap.com/naon/default/single-blog-2.html]
[templates.hibootstrap.com/naon/default/single-blog-3.html]
[templates.hibootstrap.com/naon/default/contact.html]
[templates.hibootstrap.com/naon/default/assets/images/home-one/woman.png]
[templates.hibootstrap.com/naon/default/assets/images/home-one/home-vector.png]
[templates.hibootstrap.com/naon/default/assets/images/home-one/nail-img.jpg]
[templates.hibootstrap.com/naon/default/assets/images/features/features-img1.jpg]
[templates.hibootstrap.com/naon/default/assets/images/features/features-img2.jpg]
[templates.hibootstrap.com/naon/default/assets/images/features/features-img3.jpg]
[templates.hibootstrap.com/naon/default/assets/images/about/about-img1.jpg]
[templates.hibootstrap.com/naon/default/assets/images/about/about-img2.jpg]
[templates.hibootstrap.com/naon/default/assets/images/about/about-img3.jpg]
[templates.hibootstrap.com/naon/default/assets/images/about/about-vector.png]
[templates.hibootstrap.com/naon/default/assets/images/shape/section-vector.png]
[templates.hibootstrap.com/naon/default/assets/images/services/services-img1.jpg]
[templates.hibootstrap.com/naon/default/assets/images/services/services-img2.jpg]
[templates.hibootstrap.com/naon/default/assets/images/services/services-img3.jpg]
[templates.hibootstrap.com/naon/default/assets/images/services/services-img4.jpg]
[templates.hibootstrap.com/naon/default/assets/images/services/services-img5.jpg]
[templates.hibootstrap.com/naon/default/assets/images/services/services-img6.jpg]
[templates.hibootstrap.com/naon/default/assets/images/services/services-vector.png]
[templates.hibootstrap.com/naon/default/assets/images/products/product-img1.png]
[templates.hibootstrap.com/naon/default/assets/images/products/product-img2.png]
[templates.hibootstrap.com/naon/default/assets/images/products/product-img3.png]
[templates.hibootstrap.com/naon/default/assets/images/pricing/pricing-img1.jpg]
[templates.hibootstrap.com/naon/default/assets/images/pricing/pricing-img2.jpg]
[templates.hibootstrap.com/naon/default/assets/images/pricing/pricing-img3.jpg]
[templates.hibootstrap.com/naon/default/assets/images/pricing/pricing-img4.jpg]
[templates.hibootstrap.com/naon/default/assets/images/pricing/pricing-img5.jpg]
[templates.hibootstrap.com/naon/default/assets/images/pricing/pricing-img6.jpg]
[templates.hibootstrap.com/naon/default/assets/images/team/team-img1.jpg]
[templates.hibootstrap.com/naon/default/assets/images/team/team-img2.jpg]
[templates.hibootstrap.com/naon/default/assets/images/team/team-img3.jpg]
[templates.hibootstrap.com/naon/default/assets/images/testimonial/testimonial-img1.jpg]
[templates.hibootstrap.com/naon/default/assets/images/testimonial/testimonial-img2.jpg]
[templates.hibootstrap.com/naon/default/assets/images/testimonial/testimonial-img3.jpg]
[templates.hibootstrap.com/naon/default/assets/images/testimonial/testimonial-img4.jpg]
[templates.hibootstrap.com/naon/default/assets/images/book/book-img1.jpg]
[templates.hibootstrap.com/naon/default/assets/images/blog/blog-img1.jpg]
[templates.hibootstrap.com/naon/default/assets/images/blog/blog-img2.jpg]
[templates.hibootstrap.com/naon/default/assets/images/blog/blog-img3.jpg]
[templates.hibootstrap.com/naon/default/assets/images/gallery/gallery-img1.jpg]
[templates.hibootstrap.com/naon/default/assets/images/gallery/gallery-img2.jpg]
[templates.hibootstrap.com/naon/default/assets/images/gallery/gallery-img3.jpg]
[templates.hibootstrap.com/naon/default/assets/images/gallery/gallery-img4.jpg]
[templates.hibootstrap.com/naon/default/assets/images/gallery/gallery-img5.jpg]
[templates.hibootstrap.com/naon/default/assets/images/gallery/gallery-img6.jpg]
[templates.hibootstrap.com/naon/default/assets/images/gallery/gallery-img7.jpg]
[templates.hibootstrap.com/naon/default/assets/images/gallery/gallery-img8.jpg]
[templates.hibootstrap.com/cdn-cgi/scripts/5c5dd728/cloudflare-static/email-decode.min.js]
[templates.hibootstrap.com/naon/default/assets/images/products/product-details.png]
[templates.hibootstrap.com/naon/default/assets/js/jquery.min.js]
[templates.hibootstrap.com/naon/default/assets/js/plugins.js]
[templates.hibootstrap.com/naon/default/index.html]
[templates.hibootstrap.com/naon/default/assets/js/custom.js]
[templates.hibootstrap.com/naon/default/assets/css/bootstrap.min.css]
[templates.hibootstrap.com/naon/default/assets/css/meanmenu.min.css]
[templates.hibootstrap.com/naon/default/assets/css/magnific-popup.min.css]
[templates.hibootstrap.com/naon/default/assets/css/owl.carousel.min.css]
[templates.hibootstrap.com/naon/default/assets/css/owl.theme.default.min.css]
[templates.hibootstrap.com/naon/default/assets/css/jquery-ui.min.css]
[templates.hibootstrap.com/naon/default/assets/css/plugins.css]
[templates.hibootstrap.com/naon/default/assets/css/aos.css]
[templates.hibootstrap.com/naon/default/assets/fonts/remixicon.css]
[templates.hibootstrap.com/naon/default/assets/css/iconplugins.css]
[templates.hibootstrap.com/naon/default/assets/fonts/flaticon.css]
[templates.hibootstrap.com/naon/default/assets/images/home-three/home-three-img1.jpg]
[templates.hibootstrap.com/naon/default/assets/images/home-three/home-three-img2.jpg]
[templates.hibootstrap.com/naon/default/assets/images/services/services-icon.png]
[templates.hibootstrap.com/naon/default/assets/images/video/video-bg.jpg]
[templates.hibootstrap.com/naon/default/assets/images/video/video-img.jpg]
[templates.hibootstrap.com/naon/default/assets/images/video/video-bg2.jpg]
[templates.hibootstrap.com/naon/default/assets/images/video/video-bg3.jpg]
[templates.hibootstrap.com/naon/default/assets/images/book/book-img3.jpg]
[templates.hibootstrap.com/naon/default/assets/images/book/book-img4.jpg]
[templates.hibootstrap.com/naon/default/assets/images/book/book-img5.jpg]
[templates.hibootstrap.com/naon/default/assets/images/book/book-img6.jpg]
[templates.hibootstrap.com/naon/default/assets/images/coming-soon.jpg]
[templates.hibootstrap.com/naon/default/assets/css/style.css]
[templates.hibootstrap.com/naon/default/assets/css/responsive.css]
[templates.hibootstrap.com/naon/default/assets/images/night.png]
[templates.hibootstrap.com/naon/default/assets/images/sunny.png]
[templates.hibootstrap.com/naon/default/assets/css/theme-dark.css]
[templates.hibootstrap.com/naon/default/index-2.html]
[templates.hibootstrap.com/naon/default/assets/images/home-two/home-two.png]
[templates.hibootstrap.com/naon/default/assets/images/home-two/vector2.png]
[templates.hibootstrap.com/naon/default/assets/images/home-two/vector3.png]
[templates.hibootstrap.com/naon/default/assets/images/home-two/vector1.png]
[templates.hibootstrap.com/naon/default/assets/images/features/features1.png]
[templates.hibootstrap.com/naon/default/assets/images/features/features2.png]
[templates.hibootstrap.com/naon/default/assets/images/features/features3.png]
[templates.hibootstrap.com/naon/default/assets/images/features/features4.png]
[templates.hibootstrap.com/naon/default/assets/images/about/about-img4.jpg]
[templates.hibootstrap.com/naon/default/assets/images/about/about-vector3.png]
[templates.hibootstrap.com/naon/default/assets/images/about/about-vector2.png]
[templates.hibootstrap.com/naon/default/assets/images/about/about-vector4.png]
[templates.hibootstrap.com/naon/default/assets/images/services/services-img7.jpg]
[templates.hibootstrap.com/naon/default/assets/images/services/services-img8.jpg]
[templates.hibootstrap.com/naon/default/assets/images/services/services-img9.jpg]
[templates.hibootstrap.com/naon/default/assets/images/services/services-img10.jpg]
[templates.hibootstrap.com/naon/default/assets/images/products/product-img4.png]
[templates.hibootstrap.com/naon/default/assets/images/products/product-img5.png]
[templates.hibootstrap.com/naon/default/assets/images/products/product-img6.png]
[templates.hibootstrap.com/naon/default/assets/images/products/product-vector1.png]
[templates.hibootstrap.com/naon/default/assets/images/products/product-vector2.png]
[templates.hibootstrap.com/naon/default/assets/images/pricing/pricing-shape.png]
[templates.hibootstrap.com/naon/default/assets/images/book/book-img2.jpg]
[templates.hibootstrap.com/naon/default/assets/images/book/book-shape.png]
[templates.hibootstrap.com/naon/default/assets/images/blog/blog-img4.jpg]
[templates.hibootstrap.com/naon/default/assets/images/blog/blog-img5.jpg]
[templates.hibootstrap.com/naon/default/assets/images/blog/blog-img6.jpg]
[templates.hibootstrap.com/naon/default/assets/images/gallery/gallery-img9.jpg]
[templates.hibootstrap.com/naon/default/assets/images/gallery/gallery-sub-img1.jpg]
[templates.hibootstrap.com/naon/default/assets/images/gallery/gallery-sub-img2.jpg]
[templates.hibootstrap.com/naon/default/assets/images/gallery/vector-img2.png]
[templates.hibootstrap.com/naon/default/assets/images/gallery/gallery-img10.jpg]
[templates.hibootstrap.com/naon/default/assets/images/gallery/gallery-sub-img3.jpg]
[templates.hibootstrap.com/naon/default/assets/images/gallery/gallery-sub-img4.jpg]
[templates.hibootstrap.com/naon/default/assets/images/gallery/vector-img.png]
[templates.hibootstrap.com/naon/default/index-3.html]
[templates.hibootstrap.com/naon/default/assets/images/features/features-img4.jpg]
[templates.hibootstrap.com/naon/default/assets/images/features/features-img5.jpg]
[templates.hibootstrap.com/naon/default/assets/images/features/features-img6.jpg]
[templates.hibootstrap.com/naon/default/assets/images/about/about-img5.jpg]
[templates.hibootstrap.com/naon/default/assets/images/about/about-sub-img.jpg]
[templates.hibootstrap.com/naon/default/assets/images/about/about-vector5.png]
[templates.hibootstrap.com/naon/default/assets/images/services/services-vector-2.png]
[templates.hibootstrap.com/naon/default/assets/images/services/services-vector-3.png]
[templates.hibootstrap.com/naon/default/assets/images/video/video-vector2.png]
[templates.hibootstrap.com/naon/default/assets/images/video/video-vector1.png]
[templates.hibootstrap.com/naon/default/assets/images/products/product-img7.jpg]
[templates.hibootstrap.com/naon/default/assets/images/products/product-img8.jpg]
[templates.hibootstrap.com/naon/default/assets/images/products/product-img9.jpg]
[templates.hibootstrap.com/naon/default/assets/images/products/product-vector3.png]
[templates.hibootstrap.com/naon/default/assets/images/pricing/pricing-img7.jpg]
[templates.hibootstrap.com/naon/default/assets/images/pricing/pricing-img8.jpg]
[templates.hibootstrap.com/naon/default/assets/images/pricing/pricing-img9.jpg]
[templates.hibootstrap.com/naon/default/assets/images/team/team-shape.png]
[templates.hibootstrap.com/naon/default/assets/images/book/book-shape2.png]
[templates.hibootstrap.com/naon/default/index-4.html]
[templates.hibootstrap.com/naon/default/assets/images/inner-banner/inner-banner1.png]
[templates.hibootstrap.com/naon/default/about.html]
[templates.hibootstrap.com/naon/default/assets/images/inner-banner/inner-banner3.png]
[templates.hibootstrap.com/naon/default/assets/images/testimonial/testimonial-img5.jpg]
[templates.hibootstrap.com/naon/default/assets/images/testimonial/testimonial-img6.jpg]
[templates.hibootstrap.com/naon/default/blog-1.html]
[templates.hibootstrap.com/naon/default/testimonials.html]
[templates.hibootstrap.com/naon/default/assets/images/inner-banner/inner-banner4.png]
[templates.hibootstrap.com/naon/default/faq.html]
[templates.hibootstrap.com/naon/default/assets/images/inner-banner/inner-banner5.png]
[templates.hibootstrap.com/naon/default/appointment.html]
[templates.hibootstrap.com/naon/default/assets/images/inner-banner/inner-banner13.png]
[templates.hibootstrap.com/naon/default/assets/images/team/team-img4.jpg]
[templates.hibootstrap.com/naon/default/assets/images/team/team-img5.jpg]
[templates.hibootstrap.com/naon/default/assets/images/team/team-img6.jpg]
[templates.hibootstrap.com/naon/default/team.html]
[templates.hibootstrap.com/naon/default/assets/images/inner-banner/inner-banner12.png]
[templates.hibootstrap.com/naon/default/assets/images/team/team-details.jpg]
[templates.hibootstrap.com/naon/default/team-details.html]
[templates.hibootstrap.com/naon/default/pricing-1.html]
[templates.hibootstrap.com/naon/default/assets/images/inner-banner/inner-banner2.png]
[templates.hibootstrap.com/naon/default/pricing-2.html]
[templates.hibootstrap.com/naon/default/gallery-1.html]
[templates.hibootstrap.com/naon/default/gallery-2.html]
[templates.hibootstrap.com/naon/default/assets/images/inner-banner/inner-banner6.png]
[templates.hibootstrap.com/naon/default/login.html]
[templates.hibootstrap.com/naon/default/assets/images/inner-banner/inner-banner7.png]
[templates.hibootstrap.com/naon/default/register.html]
[templates.hibootstrap.com/naon/default/assets/images/inner-banner/inner-banner8.png]
[templates.hibootstrap.com/naon/default/forgot-password.html]
[templates.hibootstrap.com/naon/default/assets/images/inner-banner/inner-banner9.png]
[templates.hibootstrap.com/naon/default/terms-condition.html]
[templates.hibootstrap.com/naon/default/assets/images/inner-banner/inner-banner10.png]
[templates.hibootstrap.com/naon/default/privacy-policy.html]
[templates.hibootstrap.com/naon/default/404.html]
[templates.hibootstrap.com/naon/default/coming-soon.html]
[templates.hibootstrap.com/naon/default/services.html]
[templates.hibootstrap.com/naon/default/assets/images/services/services-img15.jpg]
[templates.hibootstrap.com/naon/default/assets/images/services/services-img14.jpg]
[templates.hibootstrap.com/naon/default/services-2.html]
[templates.hibootstrap.com/naon/default/assets/images/inner-banner/inner-banner11.png]
[templates.hibootstrap.com/naon/default/assets/images/services/services-details.jpg]
[templates.hibootstrap.com/naon/default/service-details.html]
[templates.hibootstrap.com/naon/default/assets/images/products/product-img10.png]
[templates.hibootstrap.com/naon/default/assets/images/products/product-img11.png]
[templates.hibootstrap.com/naon/default/assets/images/products/product-img12.png]
[templates.hibootstrap.com/naon/default/assets/images/products/product-img13.png]
[templates.hibootstrap.com/naon/default/assets/images/products/product-img14.png]
[templates.hibootstrap.com/naon/default/assets/images/products/product-img15.png]
[templates.hibootstrap.com/naon/default/shop.html]
[templates.hibootstrap.com/naon/default/cart.html]
[templates.hibootstrap.com/naon/default/checkout.html]
[templates.hibootstrap.com/naon/default/wishlist.html]
[templates.hibootstrap.com/naon/default/assets/images/products/product-user.jpg]
[templates.hibootstrap.com/naon/default/assets/images/products/product-user2.jpg]
[templates.hibootstrap.com/naon/default/assets/images/products/product-user3.jpg]
[templates.hibootstrap.com/naon/default/shop-details.html]
[templates.hibootstrap.com/naon/default/assets/images/tracking-order-img.png]
[templates.hibootstrap.com/naon/default/tracking-order.html]
[templates.hibootstrap.com/naon/default/compare.html]
[templates.hibootstrap.com/naon/default/assets/images/customer-services.png]
[templates.hibootstrap.com/naon/default/customer-services.html]
[templates.hibootstrap.com/naon/default/myaccount.html]
[templates.hibootstrap.com/naon/default/my-account.html]
[templates.hibootstrap.com/naon/default/assets/images/blog/blog-img7.jpg]
[templates.hibootstrap.com/naon/default/assets/images/blog/blog-img8.jpg]
[templates.hibootstrap.com/naon/default/assets/images/blog/blog-img9.jpg]
[templates.hibootstrap.com/naon/default/blog.html]
[templates.hibootstrap.com/naon/default/blog-details.html]
[templates.hibootstrap.com/naon/default/blog-2.html]
[templates.hibootstrap.com/naon/default/blog-3.html]
[templates.hibootstrap.com/naon/default/assets/images/blog/blog-user.jpg]
[templates.hibootstrap.com/naon/default/author.html]
[templates.hibootstrap.com/naon/default/categories.html]
[templates.hibootstrap.com/naon/default/tags.html]
[templates.hibootstrap.com/naon/default/assets/images/blog/blog-details.jpg]
[templates.hibootstrap.com/naon/default/assets/images/blog/blog-user2.jpg]
[templates.hibootstrap.com/naon/default/assets/images/blog/blog-user3.jpg]
[templates.hibootstrap.com/naon/default/single-blog-1.html]
[templates.hibootstrap.com/naon/default/single-blog-2.html]
[templates.hibootstrap.com/naon/default/assets/images/blog/blog-details3.jpg]
[templates.hibootstrap.com/naon/default/assets/images/blog/blog-details2.jpg]
[templates.hibootstrap.com/naon/default/single-blog-3.html]
[templates.hibootstrap.com/naon/default/contact.html]
[templates.hibootstrap.com/naon/default/assets/css/bootstrap.min.css]
[templates.hibootstrap.com/naon/default/assets/css/meanmenu.min.css]
[templates.hibootstrap.com/naon/default/assets/css/magnific-popup.min.css]
[templates.hibootstrap.com/naon/default/assets/css/owl.video.play.png]
[templates.hibootstrap.com/naon/default/assets/css/owl.carousel.min.css]
[templates.hibootstrap.com/naon/default/assets/css/owl.theme.default.min.css]
[templates.hibootstrap.com/naon/default/assets/css/jquery-ui.min.css]
[templates.hibootstrap.com/naon/default/assets/css/aos.css]
[templates.hibootstrap.com/naon/default/assets/fonts/remixicondf6d.woff2]
[templates.hibootstrap.com/naon/default/assets/fonts/remixicondf6d.eot]
[templates.hibootstrap.com/naon/default/assets/fonts/remixicondf6d.ttf]
[templates.hibootstrap.com/naon/default/assets/fonts/remixicondf6d.svg]
[templates.hibootstrap.com/naon/default/assets/fonts/remixicon.css]
[templates.hibootstrap.com/naon/default/assets/fonts/flaticonad67.ttf]
[templates.hibootstrap.com/naon/default/assets/fonts/flaticonad67.woff]
[templates.hibootstrap.com/naon/default/assets/fonts/remixicondf6d.woff]
[templates.hibootstrap.com/naon/default/assets/fonts/flaticonad67.woff2]
[templates.hibootstrap.com/naon/default/assets/fonts/flaticonad67.svg]
[templates.hibootstrap.com/naon/default/assets/fonts/flaticon.css]
[templates.hibootstrap.com/naon/default/blog-1.html]
[templates.hibootstrap.com/naon/default/myaccount.html]
[templates.hibootstrap.com/naon/default/blog-details.html]
[templates.hibootstrap.com/naon/default/assets/css/owl.video.play.html]
[templates.hibootstrap.com/naon/default/assets/fonts/remixicondf6d.html]
[templates.hibootstrap.com/naon/default/assets/fonts/flaticonad67.eot]
[templates.hibootstrap.com/naon/default/assets/fonts/flaticonad67.html]
